C51 COMPILER V9.00   ºÚ“◊ ±_”                                                              06/04/2017 09:23:51 PAGE 1   


C51 COMPILER V9.00, COMPILATION OF MODULE ºÚ“◊ ±_”
OBJECT MODULE PLACED IN ºÚ“◊ ±÷”.OBJ
COMPILER INVOKED BY: D:\–¬Ω®Œƒº˛º–\C51\BIN\C51.EXE ºÚ“◊ ±÷”.c BROWSE DEBUG OBJECTEXTEND

line level    source

   1          #include"ds1302.h"               //œ‘ æ ±º‰
   2          #include"stopwatch.h"    //√Î±Ì
   3          #include"alarm1.h"               //ƒ÷÷”1
   4          #include"alarm2.h"               //ƒ÷÷”2
   5          
   6          extern uchar flag;
   7          
   8          void main()
   9          {
  10   1              Ds1302Init();            //≥ı ºªØDS1302
  11   1              Timer0_init();           //≥ı ºªØ∂® ±∆˜0
  12   1      
  13   1              while(1)
  14   1              {               
  15   2                      switch(flag)
  16   2                      {
  17   3                              case 1:Ds1302ShowTime();break;     // ±÷”
  18   3                              case 2:alarm1();break;                     //ƒ÷÷”1
  19   3                              case 3:alarm2();break;                     //ƒ÷÷”2
  20   3                              case 4:stop_watch();break;                 //√Î±Ì
  21   3                      }
  22   2                      
  23   2              }
  24   1      }


MODULE INFORMATION:   STATIC OVERLAYABLE
   CODE SIZE        =   3046    ----
   CONSTANT SIZE    =     14    ----
   XDATA SIZE       =   ----    ----
   PDATA SIZE       =   ----    ----
   DATA SIZE        =     60       6
   IDATA SIZE       =   ----    ----
   BIT SIZE         =      7    ----
END OF MODULE INFORMATION.


C51 COMPILATION COMPLETE.  0 WARNING(S),  0 ERROR(S)
